
> my-app@0.1.0 build
> next build

  Γû▓ Next.js 14.2.0
  - Environments: .env.local

   Creating an optimized production build ...
 Γ£ô Compiled successfully
   Linting and checking validity of types ...
   Collecting page data ...
   Generating static pages (0/20) ...
   Generating static pages (5/20) 
   Generating static pages (10/20) 
   Generating static pages (15/20) 
 Γ£ô Generating static pages (20/20)
   Finalizing page optimization ...
   Collecting build traces ...

Route (app)                              Size     First Load JS
Γöî Γùï /                                    2.84 kB         150 kB
Γö£ Γùï /_not-found                          871 B          87.8 kB
Γö£ Γùï /about                               175 B          92.2 kB
Γö£ Γùï /agents                              2.09 kB         134 kB
Γö£ Γùï /api/agents                          0 B                0 B
Γö£ Γùï /api/properties                      0 B                0 B
Γö£ Γùï /contact                             1.47 kB         137 kB
Γö£ ╞Æ /properties                          3.36 kB         198 kB
Γö£ ΓùÅ /properties/[slug]                   40.8 kB         137 kB
Γö£   Γö£ /properties/prop-1
Γö£   Γö£ /properties/prop-2
Γö£   Γöö /properties/prop-3
Γöö ΓùÅ /property/[slug]                     3.87 kB         199 kB
    Γö£ /property/the-glass-pavilion
    Γö£ /property/brutalist-sanctuary
    Γö£ /property/horizon-penthouse
    Γöö [+3 more paths]
+ First Load JS shared by all            86.9 kB
  Γö£ chunks/23-ca089d4c34bf651e.js        31.3 kB
  Γö£ chunks/fd9d1056-844a5cc198651369.js  53.6 kB
  Γöö other shared chunks (total)          1.96 kB


Γùï  (Static)   prerendered as static content
ΓùÅ  (SSG)      prerendered as static HTML (uses getStaticProps)
╞Æ  (Dynamic)  server-rendered on demand

